// Jest Snapshot v1, https://goo.gl/fbAQLP

exports[`renders as expected 1`] = `
<div>
  <div
    class="AlertForm-alertForm-3"
  >
    <mock-button
      classname="AlertForm-alertTriggerButton-2"
      color="primary"
      variant="contained"
    >
      <svg
        aria-hidden="true"
        class="MuiSvgIcon-root MuiSvgIcon-fontSizeSmall"
        focusable="false"
        viewBox="0 0 24 24"
      >
        <path
          d="M12 22c1.1 0 2-.9 2-2h-4c0 1.1.89 2 2 2zm6-6v-5c0-3.07-1.64-5.64-4.5-6.32V4c0-.83-.67-1.5-1.5-1.5s-1.5.67-1.5 1.5v.68C7.63 5.36 6 7.92 6 11v5l-2 2v1h16v-1l-2-2z"
        />
      </svg>
      <mock-typography
        classname="AlertForm-alertLabel-1"
        variant="body2"
      >
        Create Alert
      </mock-typography>
      <mock-arrowdropdown
        fontsize="small"
      />
    </mock-button>
    <div
      class="MuiBox-root MuiBox-root-15 AlertForm-alertFormMenu-4"
    >
      <div
        class="AlertForm-newAlertFormContainer-8"
      >
        <div
          class="AlertForm-alertFormOptions-7"
        >
          <mock-typography
            variant="body2"
          >
            Hazard Layer
          </mock-typography>
          <mock-layer-dropdown
            classname="AlertForm-selector-10"
            placeholder="Choose hazard layer"
            type="wms"
          />
        </div>
        <div
          class="AlertForm-alertFormOptions-7"
        >
          <mock-typography
            variant="body2"
          >
            Threshold
          </mock-typography>
          <div
            class="AlertForm-thresholdInputsContainer-6"
          >
            <mock-textfield
              classname="AlertForm-numberField-12"
              error="false"
              helpertext=""
              id="filled-number"
              inputlabelprops="[object Object]"
              label="Below"
              type="number"
              value=""
              variant="filled"
            />
            <mock-textfield
              classname="AlertForm-numberField-12"
              id="filled-number"
              inputlabelprops="[object Object]"
              label="Above"
              type="number"
              value=""
              variant="filled"
            />
          </div>
        </div>
        <div
          class="AlertForm-alertFormOptions-7"
        >
          <mock-typography
            variant="body2"
          >
            Regions
          </mock-typography>
          <mock-circularprogress
            color="inherit"
            size="24"
            style="padding: 2px;"
          />
        </div>
        <div
          class="AlertForm-alertFormOptions-7"
        >
          <mock-textfield
            fullwidth="true"
            id="alert-name"
            inputlabelprops="[object Object]"
            label="Alert Name"
            type="text"
            value=""
            variant="filled"
          />
        </div>
        <div
          class="AlertForm-alertFormOptions-7"
        >
          <mock-textfield
            fullwidth="true"
            id="email-address"
            inputlabelprops="[object Object]"
            label="Email Address"
            type="text"
            variant="filled"
          />
        </div>
      </div>
      <mock-button
        classname="AlertForm-innerCreateAlertButton-9"
        disabled="true"
      >
        <mock-typography
          variant="body2"
        >
          Create Alert
        </mock-typography>
      </mock-button>
    </div>
  </div>
</div>
`;
