// Jest Snapshot v1, https://goo.gl/fbAQLP

exports[`renders as expected 1`] = `
<div>
  <div
    class="Analyser-analyser-1"
  >
    <mock-button
      color="primary"
      variant="contained"
    >
      <mock-barchart
        fontsize="small"
      />
      <mock-typography
        classname="Analyser-analyserLabel-2"
        variant="body2"
      >
        Run Analysis
      </mock-typography>
      <mock-arrowdropdown
        fontsize="small"
      />
    </mock-button>
    <div
      class="MuiBox-root MuiBox-root-13 Analyser-analyserMenu-3"
    >
      <div>
        <div
          class="Analyser-newAnalyserContainer-6"
        >
          <div
            class="Analyser-analyserOptions-5"
          >
            <mock-typography
              variant="body2"
            >
              Hazard Layer
            </mock-typography>
            <mock-layer-dropdown
              classname="Analyser-selector-10"
              placeholder="Choose hazard layer"
              title="Hazard Layer"
              type="wms"
            />
          </div>
          <div
            class="Analyser-analyserOptions-5"
          >
            <mock-typography
              variant="body2"
            >
              Statistic
            </mock-typography>
            <div
              class="MuiFormControl-root"
            >
              <div
                class="MuiFormGroup-root MuiFormGroup-row"
                role="radiogroup"
              >
                <label
                  class="MuiFormControlLabel-root"
                >
                  <span
                    aria-disabled="false"
                    class="MuiButtonBase-root MuiIconButton-root PrivateSwitchBase-root-14 MuiRadio-root Analyser-radioOptions-7 PrivateSwitchBase-checked-15 Mui-checked"
                  >
                    <span
                      class="MuiIconButton-label"
                    >
                      <input
                        checked=""
                        class="PrivateSwitchBase-input-17"
                        name="statistics"
                        type="radio"
                        value="mean"
                      />
                      <div
                        class="PrivateRadioButtonIcon-root-18 PrivateRadioButtonIcon-checked-20"
                      >
                        <svg
                          aria-hidden="true"
                          class="MuiSvgIcon-root MuiSvgIcon-fontSizeSmall"
                          focusable="false"
                          viewBox="0 0 24 24"
                        >
                          <path
                            d="M12 2C6.48 2 2 6.48 2 12s4.48 10 10 10 10-4.48 10-10S17.52 2 12 2zm0 18c-4.42 0-8-3.58-8-8s3.58-8 8-8 8 3.58 8 8-3.58 8-8 8z"
                          />
                        </svg>
                        <svg
                          aria-hidden="true"
                          class="MuiSvgIcon-root PrivateRadioButtonIcon-layer-19 MuiSvgIcon-fontSizeSmall"
                          focusable="false"
                          viewBox="0 0 24 24"
                        >
                          <path
                            d="M8.465 8.465C9.37 7.56 10.62 7 12 7C14.76 7 17 9.24 17 12C17 13.38 16.44 14.63 15.535 15.535C14.63 16.44 13.38 17 12 17C9.24 17 7 14.76 7 12C7 10.62 7.56 9.37 8.465 8.465Z"
                          />
                        </svg>
                      </div>
                    </span>
                    <span
                      class="MuiTouchRipple-root"
                    />
                  </span>
                  <mock-typography
                    classname="MuiFormControlLabel-label"
                    component="span"
                  >
                    Mean
                  </mock-typography>
                </label>
                <label
                  class="MuiFormControlLabel-root"
                >
                  <span
                    aria-disabled="false"
                    class="MuiButtonBase-root MuiIconButton-root PrivateSwitchBase-root-14 MuiRadio-root Analyser-radioOptions-7"
                  >
                    <span
                      class="MuiIconButton-label"
                    >
                      <input
                        class="PrivateSwitchBase-input-17"
                        name="statistics"
                        type="radio"
                        value="median"
                      />
                      <div
                        class="PrivateRadioButtonIcon-root-18"
                      >
                        <svg
                          aria-hidden="true"
                          class="MuiSvgIcon-root MuiSvgIcon-fontSizeSmall"
                          focusable="false"
                          viewBox="0 0 24 24"
                        >
                          <path
                            d="M12 2C6.48 2 2 6.48 2 12s4.48 10 10 10 10-4.48 10-10S17.52 2 12 2zm0 18c-4.42 0-8-3.58-8-8s3.58-8 8-8 8 3.58 8 8-3.58 8-8 8z"
                          />
                        </svg>
                        <svg
                          aria-hidden="true"
                          class="MuiSvgIcon-root PrivateRadioButtonIcon-layer-19 MuiSvgIcon-fontSizeSmall"
                          focusable="false"
                          viewBox="0 0 24 24"
                        >
                          <path
                            d="M8.465 8.465C9.37 7.56 10.62 7 12 7C14.76 7 17 9.24 17 12C17 13.38 16.44 14.63 15.535 15.535C14.63 16.44 13.38 17 12 17C9.24 17 7 14.76 7 12C7 10.62 7.56 9.37 8.465 8.465Z"
                          />
                        </svg>
                      </div>
                    </span>
                    <span
                      class="MuiTouchRipple-root"
                    />
                  </span>
                  <mock-typography
                    classname="MuiFormControlLabel-label"
                    component="span"
                  >
                    Median
                  </mock-typography>
                </label>
              </div>
            </div>
          </div>
          <div
            class="Analyser-analyserOptions-5"
          >
            <mock-typography
              variant="body2"
            >
              Baseline Layer
            </mock-typography>
            <mock-layer-dropdown
              classname="Analyser-selector-10"
              placeholder="Choose baseline layer"
              title="Baseline Layer"
              type="nso"
            />
          </div>
          <div
            class="Analyser-analyserOptions-5"
          >
            <mock-typography
              variant="body2"
            >
              Threshold
            </mock-typography>
            <mock-textfield
              classname="Analyser-numberField-11"
              error="false"
              id="filled-number"
              label="Min"
              type="number"
              value=""
              variant="filled"
            />
            <mock-textfield
              classname="Analyser-numberField-11"
              id="filled-number"
              label="Max"
              type="number"
              value=""
              variant="filled"
            />
          </div>
          <div
            class="Analyser-analyserOptions-5"
          >
            <mock-typography
              variant="body2"
            >
              Date
            </mock-typography>
            <div
              class="react-datepicker-wrapper"
            >
              <div
                class="react-datepicker__input-container"
              >
                <div
                  class="MuiInputBase-root MuiInput-root MuiInput-underline"
                >
                  <input
                    class="MuiInputBase-input MuiInput-input"
                    type="text"
                    value=""
                  />
                </div>
              </div>
            </div>
          </div>
        </div>
        <mock-button
          classname="Analyser-innerAnalysisButton-8"
          disabled="true"
        >
          <mock-typography
            variant="body2"
          >
            Run Analysis
          </mock-typography>
        </mock-button>
      </div>
    </div>
  </div>
</div>
`;
