// Jest Snapshot v1, https://goo.gl/fbAQLP

exports[`renders as expected 1`] = `
<div>
  <mock-button
    aria-haspopup="true"
    classname="MenuItem-title-1"
  >
    <img
      alt="title"
      class="MenuItem-icon-2"
      src="icon.png"
    />
    <mock-typography
      variant="body2"
    >
      title
    </mock-typography>
  </mock-button>
</div>
`;
