// Jest Snapshot v1, https://goo.gl/fbAQLP

exports[`StandardTimelineItem renders as expected 1`] = `
<div>
  <div
    class="undefined"
    role="presentation"
  />
  <div
    class="undefined"
    role="presentation"
  />
</div>
`;

exports[`StandardTimelineItem renders as expected with data point starting after Timeline start date 1`] = `<div />`;
