// Jest Snapshot v1, https://goo.gl/fbAQLP

exports[`renders as expected 1`] = `
<div>
  <div
    style="padding-top: 4px;"
  >
    <mock-button
      style="background-color: transparent;"
    >
      <svg
        aria-hidden="true"
        class="MuiSvgIcon-root MuiSvgIcon-fontSizeSmall"
        focusable="false"
        style="padding-right: 0.2em;"
        viewBox="0 0 24 24"
      >
        <path
          d="M19 8H5c-1.66 0-3 1.34-3 3v6h4v4h12v-4h4v-6c0-1.66-1.34-3-3-3zm-3 11H8v-5h8v5zm3-7c-.55 0-1-.45-1-1s.45-1 1-1 1 .45 1 1-.45 1-1 1zm-1-9H6v4h12V3z"
        />
      </svg>
      <mock-typography
        classname="PrintImage-printText-1"
        variant="body2"
      >
        Print
      </mock-typography>
    </mock-button>
  </div>
  <mock-dialog
    aria-labelledby="dialog-preview"
    keepmounted="true"
    maxwidth="xl"
    open="false"
  >
    <mock-dialogtitle
      classname="DownloadImage-title-2"
      id="dialog-preview"
    >
      <div
        style="display: flex; flex-direction: column;"
      >
        Map Preview
        <mock-typography
          color="textSecondary"
          variant="body1"
        >
          Use your mouse to pan and zoom the map
        </mock-typography>
      </div>
      <button
        class="MuiButtonBase-root MuiIconButton-root DownloadImage-closeButton-6"
        tabindex="0"
        type="button"
      >
        <span
          class="MuiIconButton-label"
        >
          <svg
            aria-hidden="true"
            class="MuiSvgIcon-root"
            focusable="false"
            viewBox="0 0 24 24"
          >
            <path
              d="M19 6.41L17.59 5 12 10.59 6.41 5 5 6.41 10.59 12 5 17.59 6.41 19 12 13.41 17.59 19 19 17.59 13.41 12z"
            />
          </svg>
        </span>
        <span
          class="MuiTouchRipple-root"
        />
      </button>
    </mock-dialogtitle>
    <mock-dialogcontent>
      <div
        class="MuiGrid-root MuiGrid-container"
      >
        <div
          class="MuiGrid-root MuiGrid-item MuiGrid-grid-xs-10"
          style="width: 70vw; height: 80vh; margin-bottom: 16px;"
        >
          <div
            style="position: relative; z-index: 3; border: 1px solid black; height: 100%; width: 100%;"
          >
            <div
              class="DownloadImage-printContainer-10"
            >
              <div
                class="DownloadImage-mapOverlay-12"
              />
              <div
                class="DownloadImage-backdropWrapper-8"
              >
                <div
                  aria-hidden="true"
                  class="MuiBackdrop-root DownloadImage-backdrop-7"
                  style="opacity: 1; webkit-transition: opacity 225ms cubic-bezier(0.4, 0, 0.2, 1) 0ms; transition: opacity 225ms cubic-bezier(0.4, 0, 0.2, 1) 0ms;"
                >
                  <mock-circularprogress />
                </div>
              </div>
              <div
                class="DownloadImage-mapContainer-11"
              />
            </div>
          </div>
        </div>
        <div
          class="MuiGrid-root MuiGrid-item MuiGrid-grid-xs-true"
        >
          <div
            class="MuiBox-root MuiBox-root-13"
          >
            <div
              class="MuiBox-root MuiBox-root-14 DownloadImage-title-2"
            >
              Map Options
            </div>
            <div
              class="DownloadImage-toggleWrapper-9"
            >
              <label
                class="MuiFormControlLabel-root"
              >
                <mock-switch
                  checked="true"
                  color="primary"
                  name="legend"
                />
                <mock-typography
                  classname="MuiFormControlLabel-label"
                  component="span"
                >
                  <mock-typography
                    variant="h4"
                  >
                    Legend
                  </mock-typography>
                </mock-typography>
              </label>
            </div>
            <div
              class="DownloadImage-toggleWrapper-9"
            >
              <label
                class="MuiFormControlLabel-root"
              >
                <mock-switch
                  checked="true"
                  color="primary"
                  name="fullLayerDescription"
                />
                <mock-typography
                  classname="MuiFormControlLabel-label"
                  component="span"
                >
                  <mock-typography
                    variant="h4"
                  >
                    Full Layer Description
                  </mock-typography>
                </mock-typography>
              </label>
            </div>
            <div
              class="DownloadImage-toggleWrapper-9"
            >
              <label
                class="MuiFormControlLabel-root"
              >
                <mock-switch
                  checked="true"
                  color="primary"
                  name="footer"
                />
                <mock-typography
                  classname="MuiFormControlLabel-label"
                  component="span"
                >
                  <mock-typography
                    variant="h4"
                  >
                    Footer Text
                  </mock-typography>
                </mock-typography>
              </label>
              <button
                class="MuiButtonBase-root MuiIconButton-root"
                tabindex="0"
                type="button"
              >
                <span
                  class="MuiIconButton-label"
                >
                  <svg
                    aria-hidden="true"
                    class="MuiSvgIcon-root"
                    focusable="false"
                    viewBox="0 0 24 24"
                  >
                    <path
                      d="M3 17.25V21h3.75L17.81 9.94l-3.75-3.75L3 17.25zM20.71 7.04c.39-.39.39-1.02 0-1.41l-2.34-2.34a.9959.9959 0 00-1.41 0l-1.83 1.83 3.75 3.75 1.83-1.83z"
                    />
                  </svg>
                </span>
                <span
                  class="MuiTouchRipple-root"
                />
              </button>
            </div>
            <div
              class="DownloadImage-toggleWrapper-9"
            >
              <label
                class="MuiFormControlLabel-root"
              >
                <mock-switch
                  checked="true"
                  color="primary"
                  name="countryMask"
                />
                <mock-typography
                  classname="MuiFormControlLabel-label"
                  component="span"
                >
                  <mock-typography
                    variant="h4"
                  >
                    Country Mask
                  </mock-typography>
                </mock-typography>
              </label>
            </div>
            <mock-typography
              color="textSecondary"
              gutterbottom="true"
              variant="h4"
            >
              Total width
            </mock-typography>
            <span
              class="MuiSlider-root MuiSlider-colorPrimary"
            >
              <span
                class="MuiSlider-rail"
              />
              <span
                class="MuiSlider-track"
                style="left: 0%; width: 100%;"
              />
              <input
                type="hidden"
                value="100"
              />
              <span
                class="MuiSlider-mark MuiSlider-markActive"
                data-index="0"
                style="left: 0%;"
              />
              <span
                class="MuiSlider-mark MuiSlider-markActive"
                data-index="1"
                style="left: 20%;"
              />
              <span
                class="MuiSlider-mark MuiSlider-markActive"
                data-index="2"
                style="left: 40%;"
              />
              <span
                class="MuiSlider-mark MuiSlider-markActive"
                data-index="3"
                style="left: 60%;"
              />
              <span
                class="MuiSlider-mark MuiSlider-markActive"
                data-index="4"
                style="left: 80%;"
              />
              <span
                class="MuiSlider-mark MuiSlider-markActive"
                data-index="5"
                style="left: 100%;"
              />
              <span
                aria-orientation="horizontal"
                aria-valuemax="100"
                aria-valuemin="50"
                aria-valuenow="100"
                class="MuiSlider-thumb MuiSlider-thumbColorPrimary"
                data-index="0"
                role="slider"
                style="left: 100%;"
                tabindex="0"
              />
            </span>
            <mock-typography
              color="textSecondary"
              gutterbottom="true"
              variant="h4"
            >
              Legend scale
            </mock-typography>
            <span
              class="MuiSlider-root MuiSlider-colorPrimary"
            >
              <span
                class="MuiSlider-rail"
              />
              <span
                class="MuiSlider-track"
                style="left: 0%; width: 100%;"
              />
              <input
                type="hidden"
                value="100"
              />
              <span
                class="MuiSlider-mark MuiSlider-markActive"
                data-index="0"
                style="left: 0%;"
              />
              <span
                class="MuiSlider-mark MuiSlider-markActive"
                data-index="1"
                style="left: 20%;"
              />
              <span
                class="MuiSlider-mark MuiSlider-markActive"
                data-index="2"
                style="left: 40%;"
              />
              <span
                class="MuiSlider-mark MuiSlider-markActive"
                data-index="3"
                style="left: 60%;"
              />
              <span
                class="MuiSlider-mark MuiSlider-markActive"
                data-index="4"
                style="left: 80%;"
              />
              <span
                class="MuiSlider-mark MuiSlider-markActive"
                data-index="5"
                style="left: 100%;"
              />
              <span
                aria-orientation="horizontal"
                aria-valuemax="100"
                aria-valuemin="50"
                aria-valuenow="100"
                class="MuiSlider-thumb MuiSlider-thumbColorPrimary"
                data-index="0"
                role="slider"
                style="left: 100%;"
                tabindex="0"
              />
            </span>
            <mock-button
              classname="DownloadImage-gutter-4"
              color="primary"
              endicon="[object Object]"
              variant="contained"
            >
              Download
            </mock-button>
            <mock-menu
              keepmounted="true"
              open="false"
            >
              <mock-menuitem>
                Download PNG
              </mock-menuitem>
              <mock-menuitem>
                Download JPEG
              </mock-menuitem>
              <mock-menuitem>
                Download PDF
              </mock-menuitem>
            </mock-menu>
          </div>
        </div>
      </div>
    </mock-dialogcontent>
  </mock-dialog>
  <mock-dialog
    maxwidth="xl"
    open="false"
  >
    <mock-dialogtitle
      classname="makeStyles-title-20"
    >
      Edit Footer Text
    </mock-dialogtitle>
    <mock-dialogcontent
      style="width: 40rem;"
    >
      <mock-textfield
        fullwidth="true"
        inputprops="[object Object]"
        maxrows="4"
        multiline="true"
        value="Layers represent data on 2018-07-02.  The designations employed and the presentation of material in the map(s) do not imply the expression of any opinion on the part of WFP concerning the legal of constitutional status of any country, territory, city, or sea, or concerning the delimitation of its frontiers or boundaries."
        variant="outlined"
      />
    </mock-dialogcontent>
    <mock-dialogactions>
      <mock-button
        color="secondary"
      >
        Cancel
      </mock-button>
      <mock-button
        color="primary"
      >
        Ok
      </mock-button>
    </mock-dialogactions>
  </mock-dialog>
</div>
`;
