// Jest Snapshot v1, https://goo.gl/fbAQLP

exports[`renders as expected 1`] = `
<div>
  <div
    class="makeStyles-container-1"
  >
    <div
      class="makeStyles-indicator-2"
      style="background-color: rgba(239, 50, 2, 0.7);"
    />
    <mock-typography
      color="textSecondary"
    >
      Vegetation
    </mock-typography>
  </div>
</div>
`;
