// Jest Snapshot v1, https://goo.gl/fbAQLP

exports[`renders as expected 1`] = `
<div>
  <div
    class="makeStyles-root-1"
  >
    <div
      class="makeStyles-districtViewWrapper-2"
    />
  </div>
</div>
`;
