// Jest Snapshot v1, https://goo.gl/fbAQLP

exports[`renders as expected 1`] = `
<div>
  <div
    class="Analyser-analyser-1"
  >
    <mock-button
      color="primary"
      variant="contained"
    >
      <svg
        aria-hidden="true"
        class="svg-inline--fa fa-chart-bar fa-w-16 "
        data-icon="chart-bar"
        data-prefix="fas"
        focusable="false"
        role="img"
        style="margin-right: 10px; font-size: 1.6em;"
        viewBox="0 0 512 512"
        xmlns="http://www.w3.org/2000/svg"
      >
        <path
          d="M332.8 320h38.4c6.4 0 12.8-6.4 12.8-12.8V172.8c0-6.4-6.4-12.8-12.8-12.8h-38.4c-6.4 0-12.8 6.4-12.8 12.8v134.4c0 6.4 6.4 12.8 12.8 12.8zm96 0h38.4c6.4 0 12.8-6.4 12.8-12.8V76.8c0-6.4-6.4-12.8-12.8-12.8h-38.4c-6.4 0-12.8 6.4-12.8 12.8v230.4c0 6.4 6.4 12.8 12.8 12.8zm-288 0h38.4c6.4 0 12.8-6.4 12.8-12.8v-70.4c0-6.4-6.4-12.8-12.8-12.8h-38.4c-6.4 0-12.8 6.4-12.8 12.8v70.4c0 6.4 6.4 12.8 12.8 12.8zm96 0h38.4c6.4 0 12.8-6.4 12.8-12.8V108.8c0-6.4-6.4-12.8-12.8-12.8h-38.4c-6.4 0-12.8 6.4-12.8 12.8v198.4c0 6.4 6.4 12.8 12.8 12.8zM496 384H64V80c0-8.84-7.16-16-16-16H16C7.16 64 0 71.16 0 80v336c0 17.67 14.33 32 32 32h464c8.84 0 16-7.16 16-16v-32c0-8.84-7.16-16-16-16z"
          fill="currentColor"
        />
      </svg>
      <mock-typography
        variant="body2"
      >
        Run Analysis
      </mock-typography>
      <svg
        aria-hidden="true"
        class="svg-inline--fa fa-caret-down fa-w-10 "
        data-icon="caret-down"
        data-prefix="fas"
        focusable="false"
        role="img"
        style="margin-left: 10px;"
        viewBox="0 0 320 512"
        xmlns="http://www.w3.org/2000/svg"
      >
        <path
          d="M31.3 192h257.3c17.8 0 26.7 21.5 14.1 34.1L174.1 354.8c-7.8 7.8-20.5 7.8-28.3 0L17.2 226.1C4.6 213.5 13.5 192 31.3 192z"
          fill="currentColor"
        />
      </svg>
    </mock-button>
    <div
      class="MuiBox-root MuiBox-root-12 Analyser-analyserMenu-2"
    >
      <div>
        <div
          class="Analyser-newAnalyserContainer-5"
        >
          <div
            class="Analyser-analyserOptions-4"
          >
            <mock-typography
              variant="body2"
            >
              Hazard Layer
            </mock-typography>
            <mock-layer-dropdown
              classname="Analyser-selector-9"
              placeholder="Choose hazard layer"
              title="Hazard Layer"
              type="wms"
            />
          </div>
          <div
            class="Analyser-analyserOptions-4"
          >
            <mock-typography
              variant="body2"
            >
              Statistic
            </mock-typography>
            <div
              class="MuiFormControl-root"
            >
              <div
                class="MuiFormGroup-root MuiFormGroup-row"
                role="radiogroup"
              >
                <label
                  class="MuiFormControlLabel-root"
                >
                  <span
                    aria-disabled="false"
                    class="MuiButtonBase-root MuiIconButton-root PrivateSwitchBase-root-13 MuiRadio-root Analyser-radioOptions-6 PrivateSwitchBase-checked-14 Mui-checked"
                  >
                    <span
                      class="MuiIconButton-label"
                    >
                      <input
                        checked=""
                        class="PrivateSwitchBase-input-16"
                        name="statistics"
                        type="radio"
                        value="mean"
                      />
                      <div
                        class="PrivateRadioButtonIcon-root-17 PrivateRadioButtonIcon-checked-19"
                      >
                        <svg
                          aria-hidden="true"
                          class="MuiSvgIcon-root MuiSvgIcon-fontSizeSmall"
                          focusable="false"
                          viewBox="0 0 24 24"
                        >
                          <path
                            d="M12 2C6.48 2 2 6.48 2 12s4.48 10 10 10 10-4.48 10-10S17.52 2 12 2zm0 18c-4.42 0-8-3.58-8-8s3.58-8 8-8 8 3.58 8 8-3.58 8-8 8z"
                          />
                        </svg>
                        <svg
                          aria-hidden="true"
                          class="MuiSvgIcon-root PrivateRadioButtonIcon-layer-18 MuiSvgIcon-fontSizeSmall"
                          focusable="false"
                          viewBox="0 0 24 24"
                        >
                          <path
                            d="M8.465 8.465C9.37 7.56 10.62 7 12 7C14.76 7 17 9.24 17 12C17 13.38 16.44 14.63 15.535 15.535C14.63 16.44 13.38 17 12 17C9.24 17 7 14.76 7 12C7 10.62 7.56 9.37 8.465 8.465Z"
                          />
                        </svg>
                      </div>
                    </span>
                    <span
                      class="MuiTouchRipple-root"
                    />
                  </span>
                  <mock-typography
                    classname="MuiFormControlLabel-label"
                    component="span"
                  >
                    Mean
                  </mock-typography>
                </label>
                <label
                  class="MuiFormControlLabel-root"
                >
                  <span
                    aria-disabled="false"
                    class="MuiButtonBase-root MuiIconButton-root PrivateSwitchBase-root-13 MuiRadio-root Analyser-radioOptions-6"
                  >
                    <span
                      class="MuiIconButton-label"
                    >
                      <input
                        class="PrivateSwitchBase-input-16"
                        name="statistics"
                        type="radio"
                        value="median"
                      />
                      <div
                        class="PrivateRadioButtonIcon-root-17"
                      >
                        <svg
                          aria-hidden="true"
                          class="MuiSvgIcon-root MuiSvgIcon-fontSizeSmall"
                          focusable="false"
                          viewBox="0 0 24 24"
                        >
                          <path
                            d="M12 2C6.48 2 2 6.48 2 12s4.48 10 10 10 10-4.48 10-10S17.52 2 12 2zm0 18c-4.42 0-8-3.58-8-8s3.58-8 8-8 8 3.58 8 8-3.58 8-8 8z"
                          />
                        </svg>
                        <svg
                          aria-hidden="true"
                          class="MuiSvgIcon-root PrivateRadioButtonIcon-layer-18 MuiSvgIcon-fontSizeSmall"
                          focusable="false"
                          viewBox="0 0 24 24"
                        >
                          <path
                            d="M8.465 8.465C9.37 7.56 10.62 7 12 7C14.76 7 17 9.24 17 12C17 13.38 16.44 14.63 15.535 15.535C14.63 16.44 13.38 17 12 17C9.24 17 7 14.76 7 12C7 10.62 7.56 9.37 8.465 8.465Z"
                          />
                        </svg>
                      </div>
                    </span>
                    <span
                      class="MuiTouchRipple-root"
                    />
                  </span>
                  <mock-typography
                    classname="MuiFormControlLabel-label"
                    component="span"
                  >
                    Median
                  </mock-typography>
                </label>
              </div>
            </div>
          </div>
          <div
            class="Analyser-analyserOptions-4"
          >
            <mock-typography
              variant="body2"
            >
              Baseline Layer
            </mock-typography>
            <mock-layer-dropdown
              classname="Analyser-selector-9"
              placeholder="Choose baseline layer"
              title="Baseline Layer"
              type="nso"
            />
          </div>
          <div
            class="Analyser-analyserOptions-4"
          >
            <mock-typography
              variant="body2"
            >
              Threshold
            </mock-typography>
            <mock-textfield
              classname="Analyser-numberField-10"
              error="false"
              id="filled-number"
              label="Min"
              type="number"
              value=""
              variant="filled"
            />
            <mock-textfield
              classname="Analyser-numberField-10"
              id="filled-number"
              label="Max"
              type="number"
              value=""
              variant="filled"
            />
          </div>
          <div
            class="Analyser-analyserOptions-4"
          >
            <mock-typography
              variant="body2"
            >
              Date
            </mock-typography>
            <div
              class="react-datepicker-wrapper"
            >
              <div
                class="react-datepicker__input-container"
              >
                <div
                  class="MuiInputBase-root MuiInput-root MuiInput-underline"
                >
                  <input
                    class="MuiInputBase-input MuiInput-input"
                    type="text"
                    value=""
                  />
                </div>
              </div>
            </div>
          </div>
        </div>
        <mock-button
          classname="Analyser-innerAnalysisButton-7"
          disabled="true"
        >
          <mock-typography
            variant="body2"
          >
            Run Analysis
          </mock-typography>
        </mock-button>
      </div>
    </div>
  </div>
</div>
`;
