// Jest Snapshot v1, https://goo.gl/fbAQLP

exports[`renders as expected 1`] = `
<div>
  <mock-tooltip
    arrow="true"
    classes="[object Object]"
    placement="top"
    title="[object Object]"
    transitioncomponent="[object Object]"
    transitionprops="[object Object]"
  >
    <div
      class="MuiGrid-root makeStyles-dateItem-2 MuiGrid-item MuiGrid-grid-xs-true"
      data-date-index="0"
    >
      <div
        class="makeStyles-dayItem-18"
      />
    </div>
  </mock-tooltip>
</div>
`;
