// Jest Snapshot v1, https://goo.gl/fbAQLP

exports[`renders as expected 1`] = `
<div>
  <div
    class="AlertForm-alertForm-2"
  >
    <mock-button
      color="primary"
      variant="contained"
    >
      <svg
        aria-hidden="true"
        class="MuiSvgIcon-root MuiSvgIcon-fontSizeSmall"
        focusable="false"
        viewBox="0 0 24 24"
      >
        <path
          d="M12 22c1.1 0 2-.9 2-2h-4c0 1.1.89 2 2 2zm6-6v-5c0-3.07-1.64-5.64-4.5-6.32V4c0-.83-.67-1.5-1.5-1.5s-1.5.67-1.5 1.5v.68C7.63 5.36 6 7.92 6 11v5l-2 2v1h16v-1l-2-2z"
        />
      </svg>
      <mock-typography
        classname="AlertForm-alertLabel-1"
        variant="body2"
      >
        Create Alert
      </mock-typography>
      <mock-arrowdropdown
        fontsize="small"
      />
    </mock-button>
    <div
      class="MuiBox-root MuiBox-root-12 AlertForm-alertFormMenu-3"
    >
      <div>
        <div
          class="AlertForm-newAlertFormContainer-6"
        >
          <div
            class="AlertForm-alertFormOptions-5"
          >
            <mock-typography
              variant="body2"
            >
              Hazard Layer
            </mock-typography>
            <mock-layer-dropdown
              classname="AlertForm-selector-8"
              placeholder="Choose hazard layer"
              title="Hazard Layer"
              type="wms"
            />
          </div>
          <div
            class="AlertForm-alertFormOptions-5"
          >
            <mock-typography
              variant="body2"
            >
              Threshold
            </mock-typography>
            <mock-textfield
              classname="AlertForm-numberField-10"
              error="false"
              id="filled-number"
              label="Min Below"
              type="number"
              value=""
              variant="filled"
            />
            <mock-textfield
              classname="AlertForm-numberField-10"
              id="filled-number"
              label="Max Above"
              style="padding-left: 10px;"
              type="number"
              value=""
              variant="filled"
            />
          </div>
          <div
            class="AlertForm-alertFormOptions-5"
          >
            <mock-typography
              variant="body2"
            >
              Regions
            </mock-typography>
            <div
              class="MuiInputBase-root MuiFilledInput-root MuiFilledInput-underline AlertForm-regionSelector-9"
            >
              <div
                aria-haspopup="listbox"
                aria-labelledby="regionsList"
                class="MuiSelect-root MuiSelect-select MuiSelect-selectMenu MuiSelect-filled MuiInputBase-input MuiFilledInput-input"
                id="regionsList"
                role="button"
                tabindex="0"
              >
                All
              </div>
              <input
                aria-hidden="true"
                class="MuiSelect-nativeInput"
                tabindex="-1"
                value="allRegions"
              />
              <svg
                aria-hidden="true"
                class="MuiSvgIcon-root MuiSelect-icon MuiSelect-iconFilled"
                focusable="false"
                viewBox="0 0 24 24"
              >
                <path
                  d="M7 10l5 5 5-5z"
                />
              </svg>
              <mock-menu
                anchorel="[object HTMLDivElement]"
                id="menu-"
                menulistprops="[object Object]"
                open="false"
                paperprops="[object Object]"
              >
                <mock-menuitem
                  aria-selected="true"
                  data-value="allRegions"
                  role="option"
                  selected="true"
                >
                  All
                </mock-menuitem>
                <li
                  class="MuiListSubheader-root MuiListSubheader-sticky MuiListSubheader-gutters"
                  role="option"
                >
                  Administrative Regions
                </li>
              </mock-menu>
            </div>
          </div>
          <div
            class="AlertForm-alertFormOptions-5"
          >
            <mock-textfield
              id="alert-name"
              label="Alert Name"
              type="text"
              value=""
              variant="filled"
            />
          </div>
          <div
            class="AlertForm-alertFormOptions-5"
          >
            <mock-textfield
              id="email-address"
              label="Email Address"
              type="text"
              variant="filled"
            />
          </div>
        </div>
        <mock-typography
          classname="AlertForm-alertFormResponseText-11"
          variant="body2"
        />
        <mock-button
          classname="AlertForm-innerCreateAlertButton-7"
          disabled="true"
        >
          <mock-typography
            variant="body2"
          >
            Create Alert
          </mock-typography>
        </mock-button>
      </div>
    </div>
  </div>
</div>
`;
