// Jest Snapshot v1, https://goo.gl/fbAQLP

exports[`renders as expected 1`] = `<div />`;
