// Jest Snapshot v1, https://goo.gl/fbAQLP

exports[`MapView renders as expected 1`] = `
<div>
  <div
    class="MuiBox-root MuiBox-root-3 makeStyles-root-1"
  >
    <mock-drawer
      anchor="left"
      open="true"
      paperprops="[object Object]"
      variant="persistent"
    >
      <div
        class="makeStyles-root-4 makeStyles-root-6"
      >
        <div
          class="makeStyles-tabsWrapper-5"
        >
          <div
            aria-labelledby="full-width-tab-layers"
            id="full-width-tabpanel-layers"
            role="tabpanel"
            style="display: block; flex-grow: 1; height: calc(94vh - 48px); order: -1; overflow-x: hidden;"
          >
            <div
              class="MuiBox-root MuiBox-root-7"
              style="width: 425px; display: flex; flex-direction: column; height: 100%;"
            >
              <div
                style="padding: 0.5rem;"
              >
                <div
                  class="MuiPaper-root MuiAccordion-root makeStyles-root-8 MuiAccordion-rounded MuiPaper-elevation0 MuiPaper-rounded"
                >
                  <div
                    aria-controls="Rainfall"
                    aria-disabled="false"
                    aria-expanded="false"
                    class="MuiButtonBase-root MuiAccordionSummary-root makeStyles-rootSummary-9"
                    id="Rainfall"
                    role="button"
                    tabindex="0"
                  >
                    <div
                      class="MuiAccordionSummary-content makeStyles-summaryContent-12"
                    >
                      <mock-typography
                        classes="[object Object]"
                      >
                        Rainfall
                      </mock-typography>
                    </div>
                    <div
                      aria-disabled="false"
                      aria-hidden="true"
                      class="MuiButtonBase-root MuiIconButton-root MuiAccordionSummary-expandIcon makeStyles-expandIcon-11 MuiIconButton-edgeEnd"
                    >
                      <span
                        class="MuiIconButton-label"
                      >
                        <svg
                          aria-hidden="true"
                          class="MuiSvgIcon-root"
                          focusable="false"
                          viewBox="0 0 24 24"
                        >
                          <path
                            d="M16.59 8.59L12 13.17 7.41 8.59 6 10l6 6 6-6z"
                          />
                        </svg>
                      </span>
                      <span
                        class="MuiTouchRipple-root"
                      />
                    </div>
                  </div>
                </div>
                <div
                  class="MuiPaper-root MuiAccordion-root makeStyles-root-8 MuiAccordion-rounded MuiPaper-elevation0 MuiPaper-rounded"
                >
                  <div
                    aria-controls="Vegetation"
                    aria-disabled="false"
                    aria-expanded="false"
                    class="MuiButtonBase-root MuiAccordionSummary-root makeStyles-rootSummary-9"
                    id="Vegetation"
                    role="button"
                    tabindex="0"
                  >
                    <div
                      class="MuiAccordionSummary-content makeStyles-summaryContent-12"
                    >
                      <mock-typography
                        classes="[object Object]"
                      >
                        Vegetation
                      </mock-typography>
                    </div>
                    <div
                      aria-disabled="false"
                      aria-hidden="true"
                      class="MuiButtonBase-root MuiIconButton-root MuiAccordionSummary-expandIcon makeStyles-expandIcon-11 MuiIconButton-edgeEnd"
                    >
                      <span
                        class="MuiIconButton-label"
                      >
                        <svg
                          aria-hidden="true"
                          class="MuiSvgIcon-root"
                          focusable="false"
                          viewBox="0 0 24 24"
                        >
                          <path
                            d="M16.59 8.59L12 13.17 7.41 8.59 6 10l6 6 6-6z"
                          />
                        </svg>
                      </span>
                      <span
                        class="MuiTouchRipple-root"
                      />
                    </div>
                  </div>
                </div>
                <div
                  class="MuiPaper-root MuiAccordion-root makeStyles-root-8 MuiAccordion-rounded MuiPaper-elevation0 MuiPaper-rounded"
                >
                  <div
                    aria-controls="Temperature"
                    aria-disabled="false"
                    aria-expanded="false"
                    class="MuiButtonBase-root MuiAccordionSummary-root makeStyles-rootSummary-9"
                    id="Temperature"
                    role="button"
                    tabindex="0"
                  >
                    <div
                      class="MuiAccordionSummary-content makeStyles-summaryContent-12"
                    >
                      <mock-typography
                        classes="[object Object]"
                      >
                        Temperature
                      </mock-typography>
                    </div>
                    <div
                      aria-disabled="false"
                      aria-hidden="true"
                      class="MuiButtonBase-root MuiIconButton-root MuiAccordionSummary-expandIcon makeStyles-expandIcon-11 MuiIconButton-edgeEnd"
                    >
                      <span
                        class="MuiIconButton-label"
                      >
                        <svg
                          aria-hidden="true"
                          class="MuiSvgIcon-root"
                          focusable="false"
                          viewBox="0 0 24 24"
                        >
                          <path
                            d="M16.59 8.59L12 13.17 7.41 8.59 6 10l6 6 6-6z"
                          />
                        </svg>
                      </span>
                      <span
                        class="MuiTouchRipple-root"
                      />
                    </div>
                  </div>
                </div>
                <div
                  class="MuiPaper-root MuiAccordion-root makeStyles-root-8 MuiAccordion-rounded MuiPaper-elevation0 MuiPaper-rounded"
                >
                  <div
                    aria-controls="Tropical Storms"
                    aria-disabled="false"
                    aria-expanded="false"
                    class="MuiButtonBase-root MuiAccordionSummary-root makeStyles-rootSummary-9"
                    id="Tropical Storms"
                    role="button"
                    tabindex="0"
                  >
                    <div
                      class="MuiAccordionSummary-content makeStyles-summaryContent-12"
                    >
                      <mock-typography
                        classes="[object Object]"
                      >
                        Tropical Storms
                      </mock-typography>
                    </div>
                    <div
                      aria-disabled="false"
                      aria-hidden="true"
                      class="MuiButtonBase-root MuiIconButton-root MuiAccordionSummary-expandIcon makeStyles-expandIcon-11 MuiIconButton-edgeEnd"
                    >
                      <span
                        class="MuiIconButton-label"
                      >
                        <svg
                          aria-hidden="true"
                          class="MuiSvgIcon-root"
                          focusable="false"
                          viewBox="0 0 24 24"
                        >
                          <path
                            d="M16.59 8.59L12 13.17 7.41 8.59 6 10l6 6 6-6z"
                          />
                        </svg>
                      </span>
                      <span
                        class="MuiTouchRipple-root"
                      />
                    </div>
                  </div>
                </div>
                <div
                  class="MuiPaper-root MuiAccordion-root makeStyles-root-8 MuiAccordion-rounded MuiPaper-elevation0 MuiPaper-rounded"
                >
                  <div
                    aria-controls="Vulnerability"
                    aria-disabled="false"
                    aria-expanded="false"
                    class="MuiButtonBase-root MuiAccordionSummary-root makeStyles-rootSummary-9"
                    id="Vulnerability"
                    role="button"
                    tabindex="0"
                  >
                    <div
                      class="MuiAccordionSummary-content makeStyles-summaryContent-12"
                    >
                      <mock-typography
                        classes="[object Object]"
                      >
                        Vulnerability
                      </mock-typography>
                    </div>
                    <div
                      aria-disabled="false"
                      aria-hidden="true"
                      class="MuiButtonBase-root MuiIconButton-root MuiAccordionSummary-expandIcon makeStyles-expandIcon-11 MuiIconButton-edgeEnd"
                    >
                      <span
                        class="MuiIconButton-label"
                      >
                        <svg
                          aria-hidden="true"
                          class="MuiSvgIcon-root"
                          focusable="false"
                          viewBox="0 0 24 24"
                        >
                          <path
                            d="M16.59 8.59L12 13.17 7.41 8.59 6 10l6 6 6-6z"
                          />
                        </svg>
                      </span>
                      <span
                        class="MuiTouchRipple-root"
                      />
                    </div>
                  </div>
                </div>
                <div
                  class="MuiPaper-root MuiAccordion-root makeStyles-root-8 MuiAccordion-rounded MuiPaper-elevation0 MuiPaper-rounded"
                >
                  <div
                    aria-controls="Exposure"
                    aria-disabled="false"
                    aria-expanded="false"
                    class="MuiButtonBase-root MuiAccordionSummary-root makeStyles-rootSummary-9"
                    id="Exposure"
                    role="button"
                    tabindex="0"
                  >
                    <div
                      class="MuiAccordionSummary-content makeStyles-summaryContent-12"
                    >
                      <mock-typography
                        classes="[object Object]"
                      >
                        Exposure
                      </mock-typography>
                    </div>
                    <div
                      aria-disabled="false"
                      aria-hidden="true"
                      class="MuiButtonBase-root MuiIconButton-root MuiAccordionSummary-expandIcon makeStyles-expandIcon-11 MuiIconButton-edgeEnd"
                    >
                      <span
                        class="MuiIconButton-label"
                      >
                        <svg
                          aria-hidden="true"
                          class="MuiSvgIcon-root"
                          focusable="false"
                          viewBox="0 0 24 24"
                        >
                          <path
                            d="M16.59 8.59L12 13.17 7.41 8.59 6 10l6 6 6-6z"
                          />
                        </svg>
                      </span>
                      <span
                        class="MuiTouchRipple-root"
                      />
                    </div>
                  </div>
                </div>
              </div>
              <div
                class="MuiBox-root MuiBox-root-16"
                style="flex-grow: 1;"
              />
              <a
                href="https://github.com/WFP-VAM/prism-app/tree/sample_hash"
                rel="noopener noreferrer"
                style="color: rgb(245, 247, 248); font-size: 0.7rem; left: 1rem;"
                target="_blank"
              >
                version hash: 
                sample_hash
              </a>
            </div>
          </div>
          <div
            aria-labelledby="full-width-tab-charts"
            id="full-width-tabpanel-charts"
            role="tabpanel"
            style="display: none; flex-grow: 1; height: calc(94vh - 48px); overflow-x: auto;"
          />
          <div
            aria-labelledby="full-width-tab-analysis"
            id="full-width-tabpanel-analysis"
            role="tabpanel"
            style="display: none; flex-grow: 1; height: calc(94vh - 48px); overflow-x: auto;"
          />
          <div
            aria-labelledby="full-width-tab-alerts"
            id="full-width-tabpanel-alerts"
            role="tabpanel"
            style="display: none; flex-grow: 1; height: calc(94vh - 48px); overflow-x: auto;"
          />
          <div
            aria-labelledby="full-width-tab-none"
            id="full-width-tabpanel-none"
            role="tabpanel"
            style="display: none; flex-grow: 1; height: calc(94vh - 48px); overflow-x: auto;"
          />
        </div>
      </div>
    </mock-drawer>
    <div
      class="MuiBox-root MuiBox-root-57 makeStyles-container-55"
    >
      <div
        class="MuiBox-root MuiBox-root-58 makeStyles-optionContainer-56"
      />
    </div>
    <div
      class="makeStyles-loading-2"
    >
      <mock-circularprogress
        size="100"
      />
    </div>
    <div
      style="position: relative; width: 100%; height: 100%;"
    />
  </div>
</div>
`;
