// Jest Snapshot v1, https://goo.gl/fbAQLP

exports[`examples of some things 1`] = `
<div>
  <mock-navbar />
  <div
    class="App"
  >
    <div
      style="outline: none;"
      tabindex="-1"
    >
      <div>
        hello
      </div>
    </div>
  </div>
</div>
`;
