// Jest Snapshot v1, https://goo.gl/fbAQLP

exports[`renders as expected 1`] = `
<div>
  <mock-notifier />
  <mock-navbar />
  <div
    id="app"
  >
    <mock-mapview />
    <mock-datadrawer />
  </div>
</div>
`;
