// Jest Snapshot v1, https://goo.gl/fbAQLP

exports[`renders as expected 1`] = `
<div>
  <div
    class="MuiBox-root MuiBox-root-6"
    style="display: flex; flex-direction: column; max-width: 100%;"
  >
    <div
      class="MuiBox-root MuiBox-root-7"
      style="display: flex; align-items: center;"
    >
      <mock-switch
        checked="false"
        classes="[object Object]"
        classname="makeStyles-switch-8"
        color="primary"
        inputprops="[object Object]"
      />
      <mock-typography
        classname="makeStyles-titleUnchecked-13"
      />
      <mock-tooltip
        title="Opacity"
      >
        <span
          style="margin-left: auto;"
        >
          <button
            class="MuiButtonBase-root MuiIconButton-root makeStyles-opacityRoot-4 Mui-disabled Mui-disabled"
            disabled=""
            tabindex="-1"
            type="button"
          >
            <span
              class="MuiIconButton-label"
            >
              <svg
                aria-hidden="true"
                class="MuiSvgIcon-root"
                focusable="false"
                viewBox="0 0 24 24"
              >
                <path
                  d="M17.66 8L12 2.35 6.34 8C4.78 9.56 4 11.64 4 13.64s.78 4.11 2.34 5.67 3.61 2.35 5.66 2.35 4.1-.79 5.66-2.35S20 15.64 20 13.64 19.22 9.56 17.66 8zM6 14c.01-2 .62-3.27 1.76-4.4L12 5.27l4.24 4.38C17.38 10.77 17.99 12 18 14H6z"
                />
              </svg>
            </span>
          </button>
        </span>
      </mock-tooltip>
      <mock-menu
        id="download-menu"
        keepmounted="true"
        open="false"
      />
    </div>
  </div>
</div>
`;
