// Jest Snapshot v1, https://goo.gl/fbAQLP

exports[`renders as expected 1`] = `
<div>
  <div
    class="memo-tooltipItemContainer-1"
  >
    <div>
      Some Title
    </div>
    <div
      class="memo-tooltipItemColor-2"
    />
  </div>
</div>
`;
