// Jest Snapshot v1, https://goo.gl/fbAQLP

exports[`renders as expected 1`] = `
<div>
  <mock-tooltip
    title="Download"
  >
    <button
      class="MuiButtonBase-root MuiIconButton-root"
      tabindex="0"
      type="button"
    >
      <span
        class="MuiIconButton-label"
      >
        <svg
          aria-hidden="true"
          class="MuiSvgIcon-root"
          focusable="false"
          viewBox="0 0 24 24"
        >
          <path
            d="M19 9h-4V3H9v6H5l7 7 7-7zM5 18v2h14v-2H5z"
          />
        </svg>
      </span>
      <span
        class="MuiTouchRipple-root"
      />
    </button>
  </mock-tooltip>
  <mock-menu
    id="download-menu"
    keepmounted="true"
    open="false"
  >
    <mock-menuitem>
      Download as CSV
    </mock-menuitem>
    <mock-menuitem>
      Download as GeoJSON
    </mock-menuitem>
  </mock-menu>
</div>
`;
