// Jest Snapshot v1, https://goo.gl/fbAQLP

exports[`renders as expected 1`] = `
<div>
  <div
    class="MuiGrid-root MenuSwitch-categoryContainer-1 MuiGrid-item"
  >
    <mock-typography
      classname="MenuSwitch-categoryTitle-2"
      variant="body2"
    >
      Category 1
    </mock-typography>
    <hr />
    <mock-switchitem
      layer="[object Object]"
    />
  </div>
</div>
`;
