// Jest Snapshot v1, https://goo.gl/fbAQLP

exports[`renders as expected 1`] = `
<div>
  <div
    style="position: relative; width: 100%; height: 100%;"
  />
</div>
`;
