// Jest Snapshot v1, https://goo.gl/fbAQLP

exports[`renders as expected 1`] = `
<div>
  <div
    style="height: 100vh; width: 100vw;"
  />
</div>
`;
