// Jest Snapshot v1, https://goo.gl/fbAQLP

exports[`renders as expected 1`] = `
<div>
  <mock-button
    variant="outlined"
  >
    Some Value
  </mock-button>
</div>
`;
