// Jest Snapshot v1, https://goo.gl/fbAQLP

exports[`renders as expected 1`] = `
<div>
  <mock-drawer
    anchor="left"
    open="false"
  >
    <div
      class="DataDrawer-drawerContent-1"
    />
  </mock-drawer>
</div>
`;
